
> goldenzaf-furniture@1.0.0 build
> next build

  ▲ Next.js 14.2.5
  - Environments: .env.local

   Creating an optimized production build ...
uncaughtException [Error: EPERM: operation not permitted, open 'C:\Users\hp\Desktop\Freelancing_projects\goldenzaf\.next\trace'] {
  errno: -4048,
  code: 'EPERM',
  syscall: 'open',
  path: 'C:\\Users\\hp\\Desktop\\Freelancing_projects\\goldenzaf\\.next\\trace'
}
